Archive member included to satisfy reference by file (symbol)

C:/ST/STM32CubeIDE_1.18.0/STM32CubeIDE/plugins/com.st.stm32cube.ide.mcu.externaltools.gnu-tools-for-stm32.13.3.rel1.win32_1.0.0.202411081344/tools/bin/../lib/gcc/arm-none-eabi/13.3.1/../../../../arm-none-eabi/lib/thumb/v6-m/nofp\libc_nano.a(libc_a-exit.o)
                              C:/ST/STM32CubeIDE_1.18.0/STM32CubeIDE/plugins/com.st.stm32cube.ide.mcu.externaltools.gnu-tools-for-stm32.13.3.rel1.win32_1.0.0.202411081344/tools/bin/../lib/gcc/arm-none-eabi/13.3.1/../../../../arm-none-eabi/lib/thumb/v6-m/nofp/crt0.o (exit)
C:/ST/STM32CubeIDE_1.18.0/STM32CubeIDE/plugins/com.st.stm32cube.ide.mcu.externaltools.gnu-tools-for-stm32.13.3.rel1.win32_1.0.0.202411081344/tools/bin/../lib/gcc/arm-none-eabi/13.3.1/../../../../arm-none-eabi/lib/thumb/v6-m/nofp\libc_nano.a(libc_a-findfp.o)
                              C:/ST/STM32CubeIDE_1.18.0/STM32CubeIDE/plugins/com.st.stm32cube.ide.mcu.externaltools.gnu-tools-for-stm32.13.3.rel1.win32_1.0.0.202411081344/tools/bin/../lib/gcc/arm-none-eabi/13.3.1/../../../../arm-none-eabi/lib/thumb/v6-m/nofp\libc_nano.a(libc_a-exit.o) (__stdio_exit_handler)
C:/ST/STM32CubeIDE_1.18.0/STM32CubeIDE/plugins/com.st.stm32cube.ide.mcu.externaltools.gnu-tools-for-stm32.13.3.rel1.win32_1.0.0.202411081344/tools/bin/../lib/gcc/arm-none-eabi/13.3.1/../../../../arm-none-eabi/lib/thumb/v6-m/nofp\libc_nano.a(libc_a-fwalk.o)
                              C:/ST/STM32CubeIDE_1.18.0/STM32CubeIDE/plugins/com.st.stm32cube.ide.mcu.externaltools.gnu-tools-for-stm32.13.3.rel1.win32_1.0.0.202411081344/tools/bin/../lib/gcc/arm-none-eabi/13.3.1/../../../../arm-none-eabi/lib/thumb/v6-m/nofp\libc_nano.a(libc_a-findfp.o) (_fwalk_sglue)
C:/ST/STM32CubeIDE_1.18.0/STM32CubeIDE/plugins/com.st.stm32cube.ide.mcu.externaltools.gnu-tools-for-stm32.13.3.rel1.win32_1.0.0.202411081344/tools/bin/../lib/gcc/arm-none-eabi/13.3.1/../../../../arm-none-eabi/lib/thumb/v6-m/nofp\libc_nano.a(libc_a-stdio.o)
                              C:/ST/STM32CubeIDE_1.18.0/STM32CubeIDE/plugins/com.st.stm32cube.ide.mcu.externaltools.gnu-tools-for-stm32.13.3.rel1.win32_1.0.0.202411081344/tools/bin/../lib/gcc/arm-none-eabi/13.3.1/../../../../arm-none-eabi/lib/thumb/v6-m/nofp\libc_nano.a(libc_a-findfp.o) (__sread)
C:/ST/STM32CubeIDE_1.18.0/STM32CubeIDE/plugins/com.st.stm32cube.ide.mcu.externaltools.gnu-tools-for-stm32.13.3.rel1.win32_1.0.0.202411081344/tools/bin/../lib/gcc/arm-none-eabi/13.3.1/../../../../arm-none-eabi/lib/thumb/v6-m/nofp\libc_nano.a(libc_a-memset.o)
                              C:/ST/STM32CubeIDE_1.18.0/STM32CubeIDE/plugins/com.st.stm32cube.ide.mcu.externaltools.gnu-tools-for-stm32.13.3.rel1.win32_1.0.0.202411081344/tools/bin/../lib/gcc/arm-none-eabi/13.3.1/../../../../arm-none-eabi/lib/thumb/v6-m/nofp/crt0.o (memset)
C:/ST/STM32CubeIDE_1.18.0/STM32CubeIDE/plugins/com.st.stm32cube.ide.mcu.externaltools.gnu-tools-for-stm32.13.3.rel1.win32_1.0.0.202411081344/tools/bin/../lib/gcc/arm-none-eabi/13.3.1/../../../../arm-none-eabi/lib/thumb/v6-m/nofp\libc_nano.a(libc_a-closer.o)
                              C:/ST/STM32CubeIDE_1.18.0/STM32CubeIDE/plugins/com.st.stm32cube.ide.mcu.externaltools.gnu-tools-for-stm32.13.3.rel1.win32_1.0.0.202411081344/tools/bin/../lib/gcc/arm-none-eabi/13.3.1/../../../../arm-none-eabi/lib/thumb/v6-m/nofp\libc_nano.a(libc_a-stdio.o) (_close_r)
C:/ST/STM32CubeIDE_1.18.0/STM32CubeIDE/plugins/com.st.stm32cube.ide.mcu.externaltools.gnu-tools-for-stm32.13.3.rel1.win32_1.0.0.202411081344/tools/bin/../lib/gcc/arm-none-eabi/13.3.1/../../../../arm-none-eabi/lib/thumb/v6-m/nofp\libc_nano.a(libc_a-reent.o)
                              C:/ST/STM32CubeIDE_1.18.0/STM32CubeIDE/plugins/com.st.stm32cube.ide.mcu.externaltools.gnu-tools-for-stm32.13.3.rel1.win32_1.0.0.202411081344/tools/bin/../lib/gcc/arm-none-eabi/13.3.1/../../../../arm-none-eabi/lib/thumb/v6-m/nofp\libc_nano.a(libc_a-closer.o) (errno)
C:/ST/STM32CubeIDE_1.18.0/STM32CubeIDE/plugins/com.st.stm32cube.ide.mcu.externaltools.gnu-tools-for-stm32.13.3.rel1.win32_1.0.0.202411081344/tools/bin/../lib/gcc/arm-none-eabi/13.3.1/../../../../arm-none-eabi/lib/thumb/v6-m/nofp\libc_nano.a(libc_a-impure.o)
                              C:/ST/STM32CubeIDE_1.18.0/STM32CubeIDE/plugins/com.st.stm32cube.ide.mcu.externaltools.gnu-tools-for-stm32.13.3.rel1.win32_1.0.0.202411081344/tools/bin/../lib/gcc/arm-none-eabi/13.3.1/../../../../arm-none-eabi/lib/thumb/v6-m/nofp\libc_nano.a(libc_a-reent.o) (_impure_ptr)
C:/ST/STM32CubeIDE_1.18.0/STM32CubeIDE/plugins/com.st.stm32cube.ide.mcu.externaltools.gnu-tools-for-stm32.13.3.rel1.win32_1.0.0.202411081344/tools/bin/../lib/gcc/arm-none-eabi/13.3.1/../../../../arm-none-eabi/lib/thumb/v6-m/nofp\libc_nano.a(libc_a-lseekr.o)
[...]
Memory Configuration

Name             Origin             Length             Attributes
RAM              0x20000000         0x00004000         xrw
FLASH            0x08000000         0x00020000         xr
*default*        0x00000000         0xffffffff

Linker script and memory map

LOAD C:/ST/STM32CubeIDE_1.18.0/STM32CubeIDE/plugins/com.st.stm32cube.ide.mcu.externaltools.gnu-tools-for-stm32.13.3.rel1.win32_1.0.0.202411081344/tools/bin/../lib/gcc/arm-none-eabi/13.3.1/thumb/v6-m/nofp/crti.o
LOAD C:/ST/STM32CubeIDE_1.18.0/STM32CubeIDE/plugins/com.st.stm32cube.ide.mcu.externaltools.gnu-tools-for-stm32.13.3.rel1.win32_1.0.0.202411081344/tools/bin/../lib/gcc/arm-none-eabi/13.3.1/thumb/v6-m/nofp/crtbegin.o
LOAD C:/ST/STM32CubeIDE_1.18.0/STM32CubeIDE/plugins/com.st.stm32cube.ide.mcu.externaltools.gnu-tools-for-stm32.13.3.rel1.win32_1.0.0.202411081344/tools/bin/../lib/gcc/arm-none-eabi/13.3.1/../../../../arm-none-eabi/lib/thumb/v6-m/nofp/crt0.o
LOAD ./Core/Src/main.o
LOAD ./Core/Src/stm32f0xx_hal_msp.o
LOAD ./Core/Src/stm32f0xx_it.o
LOAD ./Core/Src/syscalls.o
LOAD ./Core/Src/sysmem.o
LOAD ./Core/Src/system_stm32f0xx.o
LOAD ./Core/Startup/startup_stm32f072rbtx.o
LOAD ./Drivers/STM32F0xx_HAL_Driver/Src/stm32f0xx_hal.o
LOAD ./Drivers/STM32F0xx_HAL_Driver/Src/stm32f0xx_hal_cortex.o
LOAD ./Drivers/STM32F0xx_HAL_Driver/Src/stm32f0xx_hal_dma.o
LOAD ./Drivers/STM32F0xx_HAL_Driver/Src/stm32f0xx_hal_exti.o
LOAD ./Drivers/STM32F0xx_HAL_Driver/Src/stm32f0xx_hal_flash.o
LOAD ./Drivers/STM32F0xx_HAL_Driver/Src/stm32f0xx_hal_flash_ex.o
LOAD ./Drivers/STM32F0xx_HAL_Driver/Src/stm32f0xx_hal_gpio.o
LOAD ./Drivers/STM32F0xx_HAL_Driver/Src/stm32f0xx_hal_i2c.o
LOAD ./Drivers/STM32F0xx_HAL_Driver/Src/stm32f0xx_hal_i2c_ex.o
LOAD ./Drivers/STM32F0xx_HAL_Driver/Src/stm32f0xx_hal_pwr.o
LOAD ./Drivers/STM32F0xx_HAL_Driver/Src/stm32f0xx_hal_pwr_ex.o
LOAD ./Drivers/STM32F0xx_HAL_Driver/Src/stm32f0xx_hal_rcc.o
LOAD ./Drivers/STM32F0xx_HAL_Driver/Src/stm32f0xx_hal_rcc_ex.o
START GROUP
LOAD C:/ST/STM32CubeIDE_1.18.0/STM32CubeIDE/plugins/com.st.stm32cube.ide.mcu.externaltools.gnu-tools-for-stm32.13.3.rel1.win32_1.0.0.202411081344/tools/bin/../lib/gcc/arm-none-eabi/13.3.1/../../../../arm-none-eabi/lib/thumb/v6-m/nofp\libc_nano.a
LOAD C:/ST/STM32CubeIDE_1.18.0/STM32CubeIDE/plugins/com.st.stm32cube.ide.mcu.externaltools.gnu-tools-for-stm32.13.3.rel1.win32_1.0.0.202411081344/tools/bin/../lib/gcc/arm-none-eabi/13.3.1/../../../../arm-none-eabi/lib/thumb/v6-m/nofp\libm.a
END GROUP
START GROUP
LOAD C:/ST/STM32CubeIDE_1.18.0/STM32CubeIDE/plugins/com.st.stm32cube.ide.mcu.externaltools.gnu-tools-for-stm32.13.3.rel1.win32_1.0.0.202411081344/tools/bin/../lib/gcc/arm-none-eabi/13.3.1/thumb/v6-m/nofp\libgcc.a
LOAD C:/ST/STM32CubeIDE_1.18.0/STM32CubeIDE/plugins/com.st.stm32cube.ide.mcu.externaltools.gnu-tools-for-stm32.13.3.rel1.win32_1.0.0.202411081344/tools/bin/../lib/gcc/arm-none-eabi/13.3.1/../../../../arm-none-eabi/lib/thumb/v6-m/nofp\libc_nano.a
END GROUP
START GROUP
LOAD C:/ST/STM32CubeIDE_1.18.0/STM32CubeIDE/plugins/com.st.stm32cube.ide.mcu.externaltools.gnu-tools-for-stm32.13.3.rel1.win32_1.0.0.202411081344/tools/bin/../lib/gcc/arm-none-eabi/13.3.1/thumb/v6-m/nofp\libgcc.a
LOAD C:/ST/STM32CubeIDE_1.18.0/STM32CubeIDE/plugins/com.st.stm32cube.ide.mcu.externaltools.gnu-tools-for-stm32.13.3.rel1.win32_1.0.0.202411081344/tools/bin/../lib/gcc/arm-none-eabi/13.3.1/../../../../arm-none-eabi/lib/thumb/v6-m/nofp\libc_nano.a
LOAD C:/ST/STM32CubeIDE_1.18.0/STM32CubeIDE/plugins/com.st.stm32cube.ide.mcu.externaltools.gnu-tools-for-stm32.13.3.rel1.win32_1.0.0.202411081344/tools/bin/../lib/gcc/arm-none-eabi/13.3.1/../../../../arm-none-eabi/lib/thumb/v6-m/nofp\libnosys.a
END GROUP
START GROUP
LOAD C:/ST/STM32CubeIDE_1.18.0/STM32CubeIDE/plugins/com.st.stm32cube.ide.mcu.externaltools.gnu-tools-for-stm32.13.3.rel1.win32_1.0.0.202411081344/tools/bin/../lib/gcc/arm-none-eabi/13.3.1/thumb/v6-m/nofp\libgcc.a
LOAD C:/ST/STM32CubeIDE_1.18.0/STM32CubeIDE/plugins/com.st.stm32cube.ide.mcu.externaltools.gnu-tools-for-stm32.13.3.rel1.win32_1.0.0.202411081344/tools/bin/../lib/gcc/arm-none-eabi/13.3.1/../../../../arm-none-eabi/lib/thumb/v6-m/nofp\libc_nano.a
LOAD C:/ST/STM32CubeIDE_1.18.0/STM32CubeIDE/plugins/com.st.stm32cube.ide.mcu.externaltools.gnu-tools-for-stm32.13.3.rel1.win32_1.0.0.202411081344/tools/bin/../lib/gcc/arm-none-eabi/13.3.1/../../../../arm-none-eabi/lib/thumb/v6-m/nofp\libnosys.a
END GROUP
LOAD C:/ST/STM32CubeIDE_1.18.0/STM32CubeIDE/plugins/com.st.stm32cube.ide.mcu.externaltools.gnu-tools-for-stm32.13.3.rel1.win32_1.0.0.202411081344/tools/bin/../lib/gcc/arm-none-eabi/13.3.1/thumb/v6-m/nofp/crtend.o
LOAD C:/ST/STM32CubeIDE_1.18.0/STM32CubeIDE/plugins/com.st.stm32cube.ide.mcu.externaltools.gnu-tools-for-stm32.13.3.rel1.win32_1.0.0.202411081344/tools/bin/../lib/gcc/arm-none-eabi/13.3.1/thumb/v6-m/nofp/crtn.o
                0x20004000                        _estack = (ORIGIN (RAM) + LENGTH (RAM))
                0x00000200                        _Min_Heap_Size = 0x200
                0x00000400                        _Min_Stack_Size = 0x400

.isr_vector     0x08000000       0xc0
                0x08000000                        . = ALIGN (0x4)
 *(.isr_vector)
 .isr_vector    0x08000000       0xc0 ./Core/Startup/startup_stm32f072rbtx.o
                0x08000000                g_pfnVectors
                0x080000c0                        . = ALIGN (0x4)

.text           0x080000c0     0x1448
                0x080000c0                        . = ALIGN (0x4)
 *(.text)
 .text          0x080000c0       0x48 C:/ST/STM32CubeIDE_1.18.0/STM32CubeIDE/plugins/com.st.stm32cube.ide.mcu.externaltools.gnu-tools-for-stm32.13.3.rel1.win32_1.0.0.202411081344/tools/bin/../lib/gcc/arm-none-eabi/13.3.1/thumb/v6-m/nofp/crtbegin.o
 .text          0x08000108      0x114 C:/ST/STM32CubeIDE_1.18.0/STM32CubeIDE/plugins/com.st.stm32cube.ide.mcu.externaltools.gnu-tools-for-stm32.13.3.rel1.win32_1.0.0.202411081344/tools/bin/../lib/gcc/arm-none-eabi/13.3.1/thumb/v6-m/nofp\libgcc.a(_udivsi3.o)
                0x08000108                __aeabi_uidiv
                0x08000108                __udivsi3
                0x08000214                __aeabi_uidivmod
 .text          0x0800021c        0x4 C:/ST/STM32CubeIDE_1.18.0/STM32CubeIDE/plugins/com.st.stm32cube.ide.mcu.externaltools.gnu-tools-for-stm32.13.3.rel1.win32_1.0.0.202411081344/tools/bin/../lib/gcc/arm-none-eabi/13.3.1/thumb/v6-m/nofp\libgcc.a(_dvmd_tls.o)
                0x0800021c                __aeabi_idiv0
                0x0800021c                __aeabi_ldiv0
 *(.text*)
 .text.main     0x08000220       0x54 ./Core/Src/main.o
                0x08000220                main
 .text.SystemClock_Config
                0x08000274       0x78 ./Core/Src/main.o
                0x08000274                SystemClock_Config
 .text.MX_GPIO_Init
                0x080002ec       0xc8 ./Core/Src/main.o
 .text.Error_Handler
                0x080003b4        0xc ./Core/Src/main.o
                0x080003b4                Error_Handler
 .text.HAL_GPIO_EXTI_Callback
                0x080003c0       0x2c ./Core/Src/main.o
                0x080003c0                HAL_GPIO_EXTI_Callback
 .text.HAL_MspInit
                0x080003ec       0x48 ./Core/Src/stm32f0xx_hal_msp.o
                0x080003ec                HAL_MspInit
 .text.NMI_Handler
                0x08000434        0x8 ./Core/Src/stm32f0xx_it.o
                0x08000434                NMI_Handler
 .text.HardFault_Handler
                0x0800043c        0x8 ./Core/Src/stm32f0xx_it.o
                0x0800043c                HardFault_Handler
 .text.SVC_Handler
                0x08000444        0xa ./Core/Src/stm32f0xx_it.o
                0x08000444                SVC_Handler
 .text.PendSV_Handler
                0x0800044e        0xa ./Core/Src/stm32f0xx_it.o
                0x0800044e                PendSV_Handler
 .text.SysTick_Handler
                0x08000458        0xe ./Core/Src/stm32f0xx_it.o
                0x08000458                SysTick_Handler
 .text.EXTI4_15_IRQHandler
                0x08000466       0x14 ./Core/Src/stm32f0xx_it.o
                0x08000466                EXTI4_15_IRQHandler
 .text.SystemInit
                0x0800047a        0xa ./Core/Src/system_stm32f0xx.o
                0x0800047a                SystemInit
 .text.Reset_Handler
                0x08000484       0x50 ./Core/Startup/startup_stm32f072rbtx.o
                0x08000484                Reset_Handler
 .text.Default_Handler
                0x080004d4        0x2 ./Core/Startup/startup_stm32f072rbtx.o
                0x080004d4                TIM1_CC_IRQHandler
                0x080004d4                TSC_IRQHandler
                0x080004d4                ADC1_COMP_IRQHandler
                0x080004d4                I2C1_IRQHandler
                0x080004d4                RCC_CRS_IRQHandler
                0x080004d4                SPI1_IRQHandler
                0x080004d4                TIM6_DAC_IRQHandler
                0x080004d4                USART3_4_IRQHandler
                0x080004d4                EXTI2_3_IRQHandler
                0x080004d4                I2C2_IRQHandler
                0x080004d4                TIM17_IRQHandler
                0x080004d4                CEC_CAN_IRQHandler
                0x080004d4                RTC_IRQHandler
                0x080004d4                PVD_VDDIO2_IRQHandler
                0x080004d4                DMA1_Channel4_5_6_7_IRQHandler
                0x080004d4                TIM16_IRQHandler
                0x080004d4                TIM3_IRQHandler
                0x080004d4                DMA1_Channel1_IRQHandler
                0x080004d4                Default_Handler
                0x080004d4                TIM14_IRQHandler
                0x080004d4                TIM7_IRQHandler
                0x080004d4                TIM15_IRQHandler
                0x080004d4                EXTI0_1_IRQHandler
                0x080004d4                USB_IRQHandler
                0x080004d4                SPI2_IRQHandler
                0x080004d4                WWDG_IRQHandler
                0x080004d4                TIM2_IRQHandler
                0x080004d4                DMA1_Channel2_3_IRQHandler
                0x080004d4                USART2_IRQHandler
                0x080004d4                FLASH_IRQHandler
                0x080004d4                USART1_IRQHandler
                0x080004d4                TIM1_BRK_UP_TRG_COM_IRQHandler
 *fill*         0x080004d6        0x2 
 .text.HAL_Init
                0x080004d8       0x28 ./Drivers/STM32F0xx_HAL_Driver/Src/stm32f0xx_hal.o
                0x080004d8                HAL_Init
 .text.HAL_InitTick
                0x08000500       0x68 ./Drivers/STM32F0xx_HAL_Driver/Src/stm32f0xx_hal.o
                0x08000500                HAL_InitTick
 .text.HAL_IncTick
                0x08000568       0x24 ./Drivers/STM32F0xx_HAL_Driver/Src/stm32f0xx_hal.o
                0x08000568                HAL_IncTick
 .text.HAL_GetTick
                0x0800058c       0x14 ./Drivers/STM32F0xx_HAL_Driver/Src/stm32f0xx_hal.o
                0x0800058c                HAL_GetTick
 .text.__NVIC_EnableIRQ
                0x080005a0       0x34 ./Drivers/STM32F0xx_HAL_Driver/Src/stm32f0xx_hal_cortex.o
 .text.__NVIC_SetPriority
                0x080005d4       0xdc ./Drivers/STM32F0xx_HAL_Driver/Src/stm32f0xx_hal_cortex.o
 .text.SysTick_Config
                0x080006b0       0x48 ./Drivers/STM32F0xx_HAL_Driver/Src/stm32f0xx_hal_cortex.o
 .text.HAL_NVIC_SetPriority
                0x080006f8       0x2a ./Drivers/STM32F0xx_HAL_Driver/Src/stm32f0xx_hal_cortex.o
                0x080006f8                HAL_NVIC_SetPriority
 .text.HAL_NVIC_EnableIRQ
                0x08000722       0x20 ./Drivers/STM32F0xx_HAL_Driver/Src/stm32f0xx_hal_cortex.o
                0x08000722                HAL_NVIC_EnableIRQ
 .text.HAL_SYSTICK_Config
                0x08000742       0x1a ./Drivers/STM32F0xx_HAL_Driver/Src/stm32f0xx_hal_cortex.o
                0x08000742                HAL_SYSTICK_Config
 .text.HAL_GPIO_Init
                0x0800075c      0x2f0 ./Drivers/STM32F0xx_HAL_Driver/Src/stm32f0xx_hal_gpio.o
                0x0800075c                HAL_GPIO_Init
 .text.HAL_GPIO_WritePin
                0x08000a4c       0x3a ./Drivers/STM32F0xx_HAL_Driver/Src/stm32f0xx_hal_gpio.o
                0x08000a4c                HAL_GPIO_WritePin
 .text.HAL_GPIO_TogglePin
                0x08000a86       0x36 ./Drivers/STM32F0xx_HAL_Driver/Src/stm32f0xx_hal_gpio.o
                0x08000a86                HAL_GPIO_TogglePin
 .text.HAL_GPIO_EXTI_IRQHandler
                0x08000abc       0x38 ./Drivers/STM32F0xx_HAL_Driver/Src/stm32f0xx_hal_gpio.o
                0x08000abc                HAL_GPIO_EXTI_IRQHandler
 .text.HAL_RCC_OscConfig
                0x08000af4      0x70c ./Drivers/STM32F0xx_HAL_Driver/Src/stm32f0xx_hal_rcc.o
                0x08000af4                HAL_RCC_OscConfig
 .text.HAL_RCC_ClockConfig
                0x08001200      0x1b4 ./Drivers/STM32F0xx_HAL_Driver/Src/stm32f0xx_hal_rcc.o
                0x08001200                HAL_RCC_ClockConfig
 .text.HAL_RCC_GetSysClockFreq
                0x080013b4       0xe4 ./Drivers/STM32F0xx_HAL_Driver/Src/stm32f0xx_hal_rcc.o
                0x080013b4                HAL_RCC_GetSysClockFreq
 .text.memset   0x08001498       0x10 C:/ST/STM32CubeIDE_1.18.0/STM32CubeIDE/plugins/com.st.stm32cube.ide.mcu.externaltools.gnu-tools-for-stm32.13.3.rel1.win32_1.0.0.202411081344/tools/bin/../lib/gcc/arm-none-eabi/13.3.1/../../../../arm-none-eabi/lib/thumb/v6-m/nofp\libc_nano.a(libc_a-memset.o)
                0x08001498                memset
 .text.__libc_init_array
                0x080014a8       0x48 C:/ST/STM32CubeIDE_1.18.0/STM32CubeIDE/plugins/com.st.stm32cube.ide.mcu.externaltools.gnu-tools-for-stm32.13.3.rel1.win32_1.0.0.202411081344/tools/bin/../lib/gcc/arm-none-eabi/13.3.1/../../../../arm-none-eabi/lib/thumb/v6-m/nofp\libc_nano.a(libc_a-init.o)
                0x080014a8                __libc_init_array
 *(.glue_7)
 .glue_7        0x080014f0        0x0 linker stubs
 *(.glue_7t)
 .glue_7t       0x080014f0        0x0 linker stubs
 *(.eh_frame)
 .eh_frame      0x080014f0        0x0 C:/ST/STM32CubeIDE_1.18.0/STM32CubeIDE/plugins/com.st.stm32cube.ide.mcu.externaltools.gnu-tools-for-stm32.13.3.rel1.win32_1.0.0.202411081344/tools/bin/../lib/gcc/arm-none-eabi/13.3.1/thumb/v6-m/nofp/crtbegin.o
 *(.init)
 .init          0x080014f0        0x4 C:/ST/STM32CubeIDE_1.18.0/STM32CubeIDE/plugins/com.st.stm32cube.ide.mcu.externaltools.gnu-tools-for-stm32.13.3.rel1.win32_1.0.0.202411081344/tools/bin/../lib/gcc/arm-none-eabi/13.3.1/thumb/v6-m/nofp/crti.o
                0x080014f0                _init
 .init          0x080014f4        0x8 C:/ST/STM32CubeIDE_1.18.0/STM32CubeIDE/plugins/com.st.stm32cube.ide.mcu.externaltools.gnu-tools-for-stm32.13.3.rel1.win32_1.0.0.202411081344/tools/bin/../lib/gcc/arm-none-eabi/13.3.1/thumb/v6-m/nofp/crtn.o
 *(.fini)
 .fini          0x080014fc        0x4 C:/ST/STM32CubeIDE_1.18.0/STM32CubeIDE/plugins/com.st.stm32cube.ide.mcu.externaltools.gnu-tools-for-stm32.13.3.rel1.win32_1.0.0.202411081344/tools/bin/../lib/gcc/arm-none-eabi/13.3.1/thumb/v6-m/nofp/crti.o
                0x080014fc                _fini
 .fini          0x08001500        0x8 C:/ST/STM32CubeIDE_1.18.0/STM32CubeIDE/plugins/com.st.stm32cube.ide.mcu.externaltools.gnu-tools-for-stm32.13.3.rel1.win32_1.0.0.202411081344/tools/bin/../lib/gcc/arm-none-eabi/13.3.1/thumb/v6-m/nofp/crtn.o
                0x08001508                        . = ALIGN (0x4)
                0x08001508                        _etext = .

.vfp11_veneer   0x08001508        0x0
 .vfp11_veneer  0x08001508        0x0 linker stubs

.v4_bx          0x08001508        0x0
 .v4_bx         0x08001508        0x0 linker stubs

.iplt           0x08001508        0x0
 .iplt          0x08001508        0x0 C:/ST/STM32CubeIDE_1.18.0/STM32CubeIDE/plugins/com.st.stm32cube.ide.mcu.externaltools.gnu-tools-for-stm32.13.3.rel1.win32_1.0.0.202411081344/tools/bin/../lib/gcc/arm-none-eabi/13.3.1/thumb/v6-m/nofp/crtbegin.o

.rodata         0x08001508       0x30
                0x08001508                        . = ALIGN (0x4)
 *(.rodata)
 *(.rodata*)
 .rodata.AHBPrescTable
                0x08001508       0x10 ./Core/Src/system_stm32f0xx.o
                0x08001508                AHBPrescTable
 .rodata.aPLLMULFactorTable.1
                0x08001518       0x10 ./Drivers/STM32F0xx_HAL_Driver/Src/stm32f0xx_hal_rcc.o
 .rodata.aPredivFactorTable.0
                0x08001528       0x10 ./Drivers/STM32F0xx_HAL_Driver/Src/stm32f0xx_hal_rcc.o
                0x08001538                        . = ALIGN (0x4)

.ARM.extab      0x08001538        0x0
                0x08001538                        . = ALIGN (0x4)
 *(.ARM.extab* .gnu.linkonce.armextab.*)
                0x08001538                        . = ALIGN (0x4)

.ARM            0x08001538        0x0
                0x08001538                        . = ALIGN (0x4)
                0x08001538                        __exidx_start = .
 *(.ARM.exidx*)
                0x08001538                        __exidx_end = .
                0x08001538                        . = ALIGN (0x4)

.preinit_array  0x08001538        0x0
                0x08001538                        . = ALIGN (0x4)
                0x08001538                        PROVIDE (__preinit_array_start = .)
 *(.preinit_array*)
                0x08001538                        PROVIDE (__preinit_array_end = .)
                0x08001538                        . = ALIGN (0x4)

.init_array     0x08001538        0x4
                0x08001538                        . = ALIGN (0x4)
                0x08001538                        PROVIDE (__init_array_start = .)
 *(SORT_BY_NAME(.init_array.*))
 *(.init_array*)
 .init_array    0x08001538        0x4 C:/ST/STM32CubeIDE_1.18.0/STM32CubeIDE/plugins/com.st.stm32cube.ide.mcu.externaltools.gnu-tools-for-stm32.13.3.rel1.win32_1.0.0.202411081344/tools/bin/../lib/gcc/arm-none-eabi/13.3.1/thumb/v6-m/nofp/crtbegin.o
                0x0800153c                        PROVIDE (__init_array_end = .)
                0x0800153c                        . = ALIGN (0x4)

.fini_array     0x0800153c        0x4
                0x0800153c                        . = ALIGN (0x4)
                [!provide]                        PROVIDE (__fini_array_start = .)
 *(SORT_BY_NAME(.fini_array.*))
 *(.fini_array*)
 .fini_array    0x0800153c        0x4 C:/ST/STM32CubeIDE_1.18.0/STM32CubeIDE/plugins/com.st.stm32cube.ide.mcu.externaltools.gnu-tools-for-stm32.13.3.rel1.win32_1.0.0.202411081344/tools/bin/../lib/gcc/arm-none-eabi/13.3.1/thumb/v6-m/nofp/crtbegin.o
                [!provide]                        PROVIDE (__fini_array_end = .)
                0x08001540                        . = ALIGN (0x4)
                0x08001540                        _sidata = LOADADDR (.data)

.rel.dyn        0x08001540        0x0
 .rel.iplt      0x08001540        0x0 C:/ST/STM32CubeIDE_1.18.0/STM32CubeIDE/plugins/com.st.stm32cube.ide.mcu.externaltools.gnu-tools-for-stm32.13.3.rel1.win32_1.0.0.202411081344/tools/bin/../lib/gcc/arm-none-eabi/13.3.1/thumb/v6-m/nofp/crtbegin.o

.data           0x20000000        0xc load address 0x08001540
                0x20000000                        . = ALIGN (0x4)
                0x20000000                        _sdata = .
 *(.data)
 *(.data*)
 .data.SystemCoreClock
                0x20000000        0x4 ./Core/Src/system_stm32f0xx.o
                0x20000000                SystemCoreClock
 .data.uwTickPrio
                0x20000004        0x4 ./Drivers/STM32F0xx_HAL_Driver/Src/stm32f0xx_hal.o
                0x20000004                uwTickPrio
 .data.uwTickFreq
                0x20000008        0x1 ./Drivers/STM32F0xx_HAL_Driver/Src/stm32f0xx_hal.o
                0x20000008                uwTickFreq
 *(.RamFunc)
 *(.RamFunc*)
                0x2000000c                        . = ALIGN (0x4)
 *fill*         0x20000009        0x3 
                0x2000000c                        _edata = .

.igot.plt       0x2000000c        0x0 load address 0x0800154c
 .igot.plt      0x2000000c        0x0 C:/ST/STM32CubeIDE_1.18.0/STM32CubeIDE/plugins/com.st.stm32cube.ide.mcu.externaltools.gnu-tools-for-stm32.13.3.rel1.win32_1.0.0.202411081344/tools/bin/../lib/gcc/arm-none-eabi/13.3.1/thumb/v6-m/nofp/crtbegin.o
                0x2000000c                        . = ALIGN (0x4)

.bss            0x2000000c       0x28 load address 0x0800154c
                0x2000000c                        _sbss = .
                0x2000000c                        __bss_start__ = _sbss
 *(.bss)
 .bss           0x2000000c       0x1c C:/ST/STM32CubeIDE_1.18.0/STM32CubeIDE/plugins/com.st.stm32cube.ide.mcu.externaltools.gnu-tools-for-stm32.13.3.rel1.win32_1.0.0.202411081344/tools/bin/../lib/gcc/arm-none-eabi/13.3.1/thumb/v6-m/nofp/crtbegin.o
 *(.bss*)
 .bss.button_event
                0x20000028        0x1 ./Core/Src/main.o
                0x20000028                button_event
 *fill*         0x20000029        0x3 
 .bss.last_button_time
                0x2000002c        0x4 ./Core/Src/main.o
                0x2000002c                last_button_time
 .bss.uwTick    0x20000030        0x4 ./Drivers/STM32F0xx_HAL_Driver/Src/stm32f0xx_hal.o
                0x20000030                uwTick
 *(COMMON)
                0x20000034                        . = ALIGN (0x4)
                0x20000034                        _ebss = .
                0x20000034                        __bss_end__ = _ebss

._user_heap_stack
                0x20000034      0x604 load address 0x0800154c
                0x20000038                        . = ALIGN (0x8)
 *fill*         0x20000034        0x4 
                [!provide]                        PROVIDE (end = .)
                0x20000038                        PROVIDE (_end = .)
                0x20000238                        . = (. + _Min_Heap_Size)
 *fill*         0x20000038      0x200 
                0x20000638                        . = (. + _Min_Stack_Size)
 *fill*         0x20000238      0x400 
                0x20000638                        . = ALIGN (0x8)

/DISCARD/
 libc.a(*)
 libm.a(*)
 libgcc.a(*)

.ARM.attributes
                0x00000000       0x28
 *(.ARM.attributes)
 .ARM.attributes
                0x00000000       0x1e C:/ST/STM32CubeIDE_1.18.0/STM32CubeIDE/plugins/com.st.stm32cube.ide.mcu.externaltools.gnu-tools-for-stm32.13.3.rel1.win32_1.0.0.202411081344/tools/bin/../lib/gcc/arm-none-eabi/13.3.1/thumb/v6-m/nofp/crti.o
 .ARM.attributes
                0x0000001e       0x2c C:/ST/STM32CubeIDE_1.18.0/STM32CubeIDE/plugins/com.st.stm32cube.ide.mcu.externaltools.gnu-tools-for-stm32.13.3.rel1.win32_1.0.0.202411081344/tools/bin/../lib/gcc/arm-none-eabi/13.3.1/thumb/v6-m/nofp/crtbegin.o
 .ARM.attributes
                0x0000004a       0x2c ./Core/Src/main.o
 .ARM.attributes
                0x00000076       0x2c ./Core/Src/stm32f0xx_hal_msp.o
 .ARM.attributes
                0x000000a2       0x2c ./Core/Src/stm32f0xx_it.o
 .ARM.attributes
                0x000000ce       0x2c ./Core/Src/system_stm32f0xx.o
 .ARM.attributes
                0x000000fa       0x21 ./Core/Startup/startup_stm32f072rbtx.o
 .ARM.attributes
                0x0000011b       0x2c ./Drivers/STM32F0xx_HAL_Driver/Src/stm32f0xx_hal.o
 .ARM.attributes
                0x00000147       0x2c ./Drivers/STM32F0xx_HAL_Driver/Src/stm32f0xx_hal_cortex.o
 .ARM.attributes
                0x00000173       0x2c ./Drivers/STM32F0xx_HAL_Driver/Src/stm32f0xx_hal_gpio.o
 .ARM.attributes
                0x0000019f       0x2c ./Drivers/STM32F0xx_HAL_Driver/Src/stm32f0xx_hal_rcc.o
 .ARM.attributes
                0x000001cb       0x2c C:/ST/STM32CubeIDE_1.18.0/STM32CubeIDE/plugins/com.st.stm32cube.ide.mcu.externaltools.gnu-tools-for-stm32.13.3.rel1.win32_1.0.0.202411081344/tools/bin/../lib/gcc/arm-none-eabi/13.3.1/../../../../arm-none-eabi/lib/thumb/v6-m/nofp\libc_nano.a(libc_a-memset.o)
 .ARM.attributes
                0x000001f7       0x2c C:/ST/STM32CubeIDE_1.18.0/STM32CubeIDE/plugins/com.st.stm32cube.ide.mcu.externaltools.gnu-tools-for-stm32.13.3.rel1.win32_1.0.0.202411081344/tools/bin/../lib/gcc/arm-none-eabi/13.3.1/../../../../arm-none-eabi/lib/thumb/v6-m/nofp\libc_nano.a(libc_a-init.o)
 .ARM.attributes
                0x00000223       0x1e C:/ST/STM32CubeIDE_1.18.0/STM32CubeIDE/plugins/com.st.stm32cube.ide.mcu.externaltools.gnu-tools-for-stm32.13.3.rel1.win32_1.0.0.202411081344/tools/bin/../lib/gcc/arm-none-eabi/13.3.1/thumb/v6-m/nofp\libgcc.a(_udivsi3.o)
 .ARM.attributes
                0x00000241       0x1e C:/ST/STM32CubeIDE_1.18.0/STM32CubeIDE/plugins/com.st.stm32cube.ide.mcu.externaltools.gnu-tools-for-stm32.13.3.rel1.win32_1.0.0.202411081344/tools/bin/../lib/gcc/arm-none-eabi/13.3.1/thumb/v6-m/nofp\libgcc.a(_dvmd_tls.o)
 .ARM.attributes
                0x0000025f       0x1e C:/ST/STM32CubeIDE_1.18.0/STM32CubeIDE/plugins/com.st.stm32cube.ide.mcu.externaltools.gnu-tools-for-stm32.13.3.rel1.win32_1.0.0.202411081344/tools/bin/../lib/gcc/arm-none-eabi/13.3.1/thumb/v6-m/nofp/crtn.o
OUTPUT(day18.elf elf32-littlearm)
LOAD linker stubs
LOAD C:/ST/STM32CubeIDE_1.18.0/STM32CubeIDE/plugins/com.st.stm32cube.ide.mcu.externaltools.gnu-tools-for-stm32.13.3.rel1.win32_1.0.0.202411081344/tools/bin/../lib/gcc/arm-none-eabi/13.3.1/../../../../arm-none-eabi/lib/thumb/v6-m/nofp\libc.a
LOAD C:/ST/STM32CubeIDE_1.18.0/STM32CubeIDE/plugins/com.st.stm32cube.ide.mcu.externaltools.gnu-tools-for-stm32.13.3.rel1.win32_1.0.0.202411081344/tools/bin/../lib/gcc/arm-none-eabi/13.3.1/../../../../arm-none-eabi/lib/thumb/v6-m/nofp\libm.a
LOAD C:/ST/STM32CubeIDE_1.18.0/STM32CubeIDE/plugins/com.st.stm32cube.ide.mcu.externaltools.gnu-tools-for-stm32.13.3.rel1.win32_1.0.0.202411081344/tools/bin/../lib/gcc/arm-none-eabi/13.3.1/thumb/v6-m/nofp\libgcc.a

.debug_info     0x00000000     0x278e
 .debug_info    0x00000000      0x704 ./Core/Src/main.o
 .debug_info    0x00000704      0x199 ./Core/Src/stm32f0xx_hal_msp.o
 .debug_info    0x0000089d      0x10c ./Core/Src/stm32f0xx_it.o
 .debug_info    0x000009a9      0x242 ./Core/Src/system_stm32f0xx.o
 .debug_info    0x00000beb       0x30 ./Core/Startup/startup_stm32f072rbtx.o
 .debug_info    0x00000c1b      0x6c9 ./Drivers/STM32F0xx_HAL_Driver/Src/stm32f0xx_hal.o
 .debug_info    0x000012e4      0x6c5 ./Drivers/STM32F0xx_HAL_Driver/Src/stm32f0xx_hal_cortex.o
 .debug_info    0x000019a9      0x5a6 ./Drivers/STM32F0xx_HAL_Driver/Src/stm32f0xx_hal_gpio.o
 .debug_info    0x00001f4f      0x83f ./Drivers/STM32F0xx_HAL_Driver/Src/stm32f0xx_hal_rcc.o

.debug_abbrev   0x00000000      0xdd8
 .debug_abbrev  0x00000000      0x23c ./Core/Src/main.o
 .debug_abbrev  0x0000023c       0xc6 ./Core/Src/stm32f0xx_hal_msp.o
 .debug_abbrev  0x00000302       0xa0 ./Core/Src/stm32f0xx_it.o
 .debug_abbrev  0x000003a2      0x11c ./Core/Src/system_stm32f0xx.o
 .debug_abbrev  0x000004be       0x24 ./Core/Startup/startup_stm32f072rbtx.o
 .debug_abbrev  0x000004e2      0x213 ./Drivers/STM32F0xx_HAL_Driver/Src/stm32f0xx_hal.o
 .debug_abbrev  0x000006f5      0x28c ./Drivers/STM32F0xx_HAL_Driver/Src/stm32f0xx_hal_cortex.o
 .debug_abbrev  0x00000981      0x1cb ./Drivers/STM32F0xx_HAL_Driver/Src/stm32f0xx_hal_gpio.o
 .debug_abbrev  0x00000b4c      0x28c ./Drivers/STM32F0xx_HAL_Driver/Src/stm32f0xx_hal_rcc.o

.debug_aranges  0x00000000      0x360
 .debug_aranges
                0x00000000       0x40 ./Core/Src/main.o
 .debug_aranges
                0x00000040       0x20 ./Core/Src/stm32f0xx_hal_msp.o
 .debug_aranges
                0x00000060       0x48 ./Core/Src/stm32f0xx_it.o
 .debug_aranges
                0x000000a8       0x28 ./Core/Src/system_stm32f0xx.o
 .debug_aranges
                0x000000d0       0x28 ./Core/Startup/startup_stm32f072rbtx.o
 .debug_aranges
                0x000000f8       0xd0 ./Drivers/STM32F0xx_HAL_Driver/Src/stm32f0xx_hal.o
 .debug_aranges
                0x000001c8       0xc0 ./Drivers/STM32F0xx_HAL_Driver/Src/stm32f0xx_hal_cortex.o
 .debug_aranges
                0x00000288       0x58 ./Drivers/STM32F0xx_HAL_Driver/Src/stm32f0xx_hal_gpio.o
 .debug_aranges
                0x000002e0       0x80 ./Drivers/STM32F0xx_HAL_Driver/Src/stm32f0xx_hal_rcc.o

.debug_rnglists
                0x00000000      0x266
 .debug_rnglists
                0x00000000       0x2c ./Core/Src/main.o
 .debug_rnglists
                0x0000002c       0x13 ./Core/Src/stm32f0xx_hal_msp.o
 .debug_rnglists
                0x0000003f       0x31 ./Core/Src/stm32f0xx_it.o
 .debug_rnglists
                0x00000070       0x1a ./Core/Src/system_stm32f0xx.o
 .debug_rnglists
                0x0000008a       0x19 ./Core/Startup/startup_stm32f072rbtx.o
 .debug_rnglists
                0x000000a3       0x97 ./Drivers/STM32F0xx_HAL_Driver/Src/stm32f0xx_hal.o
 .debug_rnglists
                0x0000013a       0x8c ./Drivers/STM32F0xx_HAL_Driver/Src/stm32f0xx_hal_cortex.o
 .debug_rnglists
                0x000001c6       0x3f ./Drivers/STM32F0xx_HAL_Driver/Src/stm32f0xx_hal_gpio.o
 .debug_rnglists
                0x00000205       0x61 ./Drivers/STM32F0xx_HAL_Driver/Src/stm32f0xx_hal_rcc.o

.debug_macro    0x00000000    0x177d0
 .debug_macro   0x00000000      0x1af ./Core/Src/main.o
 .debug_macro   0x000001af      0xaae ./Core/Src/main.o
 .debug_macro   0x00000c5d      0x127 ./Core/Src/main.o
 .debug_macro   0x00000d84       0x2e ./Core/Src/main.o
 .debug_macro   0x00000db2       0x22 ./Core/Src/main.o
 .debug_macro   0x00000dd4       0x22 ./Core/Src/main.o
 .debug_macro   0x00000df6       0x8e ./Core/Src/main.o
 .debug_macro   0x00000e84       0x51 ./Core/Src/main.o
 .debug_macro   0x00000ed5      0x103 ./Core/Src/main.o
 .debug_macro   0x00000fd8       0x6a ./Core/Src/main.o
 .debug_macro   0x00001042      0x1df ./Core/Src/main.o
 .debug_macro   0x00001221       0x1c ./Core/Src/main.o
 .debug_macro   0x0000123d       0x22 ./Core/Src/main.o
 .debug_macro   0x0000125f       0xaf ./Core/Src/main.o
 .debug_macro   0x0000130e      0x391 ./Core/Src/main.o
 .debug_macro   0x0000169f     0xfe73 ./Core/Src/main.o
 .debug_macro   0x00011512       0x66 ./Core/Src/main.o
 .debug_macro   0x00011578     0x34da ./Core/Src/main.o
 .debug_macro   0x00014a52      0x190 ./Core/Src/main.o
 .debug_macro   0x00014be2       0x55 ./Core/Src/main.o
 .debug_macro   0x00014c37      0x946 ./Core/Src/main.o
 .debug_macro   0x0001557d      0x5f3 ./Core/Src/main.o
 .debug_macro   0x00015b70      0x1ae ./Core/Src/main.o
 .debug_macro   0x00015d1e      0x1a7 ./Core/Src/main.o
 .debug_macro   0x00015ec5      0x1a7 ./Core/Src/main.o
 .debug_macro   0x0001606c      0x22c ./Core/Src/main.o
 .debug_macro   0x00016298       0x34 ./Core/Src/main.o
 .debug_macro   0x000162cc       0x43 ./Core/Src/main.o
 .debug_macro   0x0001630f       0x28 ./Core/Src/main.o
 .debug_macro   0x00016337       0xb0 ./Core/Src/main.o
 .debug_macro   0x000163e7      0x217 ./Core/Src/main.o
 .debug_macro   0x000165fe      0x22c ./Core/Src/main.o
 .debug_macro   0x0001682a       0x61 ./Core/Src/main.o
 .debug_macro   0x0001688b       0xa5 ./Core/Src/main.o
 .debug_macro   0x00016930       0x4c ./Core/Src/main.o
 .debug_macro   0x0001697c      0x16d ./Core/Src/main.o
 .debug_macro   0x00016ae9      0x130 ./Core/Src/main.o
 .debug_macro   0x00016c19       0x1c ./Core/Src/main.o
 .debug_macro   0x00016c35      0x1a9 ./Core/Src/stm32f0xx_hal_msp.o
 .debug_macro   0x00016dde      0x1b3 ./Core/Src/stm32f0xx_it.o
 .debug_macro   0x00016f91      0x19a ./Core/Src/system_stm32f0xx.o
 .debug_macro   0x0001712b      0x1be ./Drivers/STM32F0xx_HAL_Driver/Src/stm32f0xx_hal.o
 .debug_macro   0x000172e9      0x19a ./Drivers/STM32F0xx_HAL_Driver/Src/stm32f0xx_hal_cortex.o
 .debug_macro   0x00017483      0x1a1 ./Drivers/STM32F0xx_HAL_Driver/Src/stm32f0xx_hal_gpio.o
 .debug_macro   0x00017624      0x1ac ./Drivers/STM32F0xx_HAL_Driver/Src/stm32f0xx_hal_rcc.o

.debug_line     0x00000000     0x4b9b
 .debug_line    0x00000000      0x7ce ./Core/Src/main.o
 .debug_line    0x000007ce      0x6fe ./Core/Src/stm32f0xx_hal_msp.o
 .debug_line    0x00000ecc      0x773 ./Core/Src/stm32f0xx_it.o
 .debug_line    0x0000163f      0x786 ./Core/Src/system_stm32f0xx.o
 .debug_line    0x00001dc5       0x7b ./Core/Startup/startup_stm32f072rbtx.o
 .debug_line    0x00001e40      0x97d ./Drivers/STM32F0xx_HAL_Driver/Src/stm32f0xx_hal.o
 .debug_line    0x000027bd      0xa25 ./Drivers/STM32F0xx_HAL_Driver/Src/stm32f0xx_hal_cortex.o
 .debug_line    0x000031e2      0xaf7 ./Drivers/STM32F0xx_HAL_Driver/Src/stm32f0xx_hal_gpio.o
 .debug_line    0x00003cd9      0xec2 ./Drivers/STM32F0xx_HAL_Driver/Src/stm32f0xx_hal_rcc.o

.debug_str      0x00000000    0x879ac
 .debug_str     0x00000000    0x879ac ./Core/Src/main.o
                              0x872e7 (size before relaxing)
 .debug_str     0x000879ac    0x86dbd ./Core/Src/stm32f0xx_hal_msp.o
 .debug_str     0x000879ac    0x86de6 ./Core/Src/stm32f0xx_it.o
 .debug_str     0x000879ac    0x86dce ./Core/Src/system_stm32f0xx.o
 .debug_str     0x000879ac       0x88 ./Core/Startup/startup_stm32f072rbtx.o
 .debug_str     0x000879ac    0x873c4 ./Drivers/STM32F0xx_HAL_Driver/Src/stm32f0xx_hal.o
 .debug_str     0x000879ac    0x871b5 ./Drivers/STM32F0xx_HAL_Driver/Src/stm32f0xx_hal_cortex.o
 .debug_str     0x000879ac    0x86f6f ./Drivers/STM32F0xx_HAL_Driver/Src/stm32f0xx_hal_gpio.o
 .debug_str     0x000879ac    0x87215 ./Drivers/STM32F0xx_HAL_Driver/Src/stm32f0xx_hal_rcc.o

.comment        0x00000000       0x43
 .comment       0x00000000       0x43 ./Core/Src/main.o
                                 0x44 (size before relaxing)
 .comment       0x00000043       0x44 ./Core/Src/stm32f0xx_hal_msp.o
 .comment       0x00000043       0x44 ./Core/Src/stm32f0xx_it.o
 .comment       0x00000043       0x44 ./Core/Src/system_stm32f0xx.o
 .comment       0x00000043       0x44 ./Drivers/STM32F0xx_HAL_Driver/Src/stm32f0xx_hal.o
 .comment       0x00000043       0x44 ./Drivers/STM32F0xx_HAL_Driver/Src/stm32f0xx_hal_cortex.o
 .comment       0x00000043       0x44 ./Drivers/STM32F0xx_HAL_Driver/Src/stm32f0xx_hal_gpio.o
 .comment       0x00000043       0x44 ./Drivers/STM32F0xx_HAL_Driver/Src/stm32f0xx_hal_rcc.o

.debug_frame    0x00000000      0xa38
 .debug_frame   0x00000000       0xac ./Core/Src/main.o
 .debug_frame   0x000000ac       0x30 ./Core/Src/stm32f0xx_hal_msp.o
 .debug_frame   0x000000dc       0xb8 ./Core/Src/stm32f0xx_it.o
 .debug_frame   0x00000194       0x4c ./Core/Src/system_stm32f0xx.o
 .debug_frame   0x000001e0      0x2a4 ./Drivers/STM32F0xx_HAL_Driver/Src/stm32f0xx_hal.o
 .debug_frame   0x00000484      0x2a0 ./Drivers/STM32F0xx_HAL_Driver/Src/stm32f0xx_hal_cortex.o
 .debug_frame   0x00000724      0x110 ./Drivers/STM32F0xx_HAL_Driver/Src/stm32f0xx_hal_gpio.o
 .debug_frame   0x00000834      0x198 ./Drivers/STM32F0xx_HAL_Driver/Src/stm32f0xx_hal_rcc.o
 .debug_frame   0x000009cc       0x20 C:/ST/STM32CubeIDE_1.18.0/STM32CubeIDE/plugins/com.st.stm32cube.ide.mcu.externaltools.gnu-tools-for-stm32.13.3.rel1.win32_1.0.0.202411081344/tools/bin/../lib/gcc/arm-none-eabi/13.3.1/../../../../arm-none-eabi/lib/thumb/v6-m/nofp\libc_nano.a(libc_a-memset.o)
 .debug_frame   0x000009ec       0x2c C:/ST/STM32CubeIDE_1.18.0/STM32CubeIDE/plugins/com.st.stm32cube.ide.mcu.externaltools.gnu-tools-for-stm32.13.3.rel1.win32_1.0.0.202411081344/tools/bin/../lib/gcc/arm-none-eabi/13.3.1/../../../../arm-none-eabi/lib/thumb/v6-m/nofp\libc_nano.a(libc_a-init.o)
 .debug_frame   0x00000a18       0x20 C:/ST/STM32CubeIDE_1.18.0/STM32CubeIDE/plugins/com.st.stm32cube.ide.mcu.externaltools.gnu-tools-for-stm32.13.3.rel1.win32_1.0.0.202411081344/tools/bin/../lib/gcc/arm-none-eabi/13.3.1/thumb/v6-m/nofp\libgcc.a(_udivsi3.o)

.debug_line_str
                0x00000000       0x6c
 .debug_line_str
                0x00000000       0x6c ./Core/Startup/startup_stm32f072rbtx.o
