10:13:25 **** Incremental Build of configuration Debug for project Uart_CB_RX ****
make -j8 all 
arm-none-eabi-gcc "../Core/Src/main.c" -mcpu=cortex-m0 -std=gnu11 -g3 -DDEBUG -DUSE_HAL_DRIVER -DSTM32F072xB -c -I../Core/Inc -I../Drivers/STM32F0xx_HAL_Driver/Inc -I../Drivers/STM32F0xx_HAL_Driver/Inc/Legacy -I../Drivers/CMSIS/Device/ST/STM32F0xx/Include -I../Drivers/CMSIS/Include -O0 -ffunction-sections -fdata-sections -Wall -fstack-usage -fcyclomatic-complexity -MMD -MP -MF"Core/Src/main.d" -MT"Core/Src/main.o" --specs=nano.specs -mfloat-abi=soft -mthumb -o "Core/Src/main.o"
arm-none-eabi-gcc -o "Uart_CB_RX.elf" @"objects.list"   -mcpu=cortex-m0 -T"D:\ETAM\Embedded_Software_Developer\01_Embedded_C\day19\Uart_CB_RX\STM32F072RBTX_FLASH.ld" --specs=nosys.specs -Wl,-Map="Uart_CB_RX.map" -Wl,--gc-sections -static --specs=nano.specs -mfloat-abi=soft -mthumb -Wl,--start-group -lc -lm -Wl,--end-group
Finished building target: Uart_CB_RX.elf
 
arm-none-eabi-size  Uart_CB_RX.elf 
arm-none-eabi-objdump -h -S Uart_CB_RX.elf  > "Uart_CB_RX.list"
   text	   data	    bss	    dec	    hex	filename
  12000	     12	   1708	  13720	   3598	Uart_CB_RX.elf
Finished building: default.size.stdout
 
Finished building: Uart_CB_RX.list
 
